// Jest Snapshot v1, https://goo.gl/fbAQLP

exports[`should render out LoginPage correctly 1`] = `
<div
  className="box-layout"
>
  <div
    className="box-layout__box"
  >
    <h1
      className="box-layout__title"
    >
      React Blog
    </h1>
    <p>
      Just React!!!
    </p>
    <button
      className="button"
    >
      Login With Google
    </button>
    <button
      className="button button--fb"
    >
      Login With Facebook
    </button>
  </div>
</div>
`;
